Archive member included because of file (symbol)

d:/eclipse/imt_sdk_win_64/winavr/bin/../lib/gcc/avr/4.3.3/avr5\libgcc.a(_exit.o)
                              d:/eclipse/imt_sdk_win_64/winavr/bin/../lib/gcc/avr/4.3.3/../../../../avr/lib/avr5/crtm32.o (exit)
d:/eclipse/imt_sdk_win_64/winavr/bin/../lib/gcc/avr/4.3.3/avr5\libgcc.a(_copy_data.o)
                              ./src/main.o (__do_copy_data)
d:/eclipse/imt_sdk_win_64/winavr/bin/../lib/gcc/avr/4.3.3/avr5\libgcc.a(_clear_bss.o)
                              ./src/ExtInterrupt.o (__do_clear_bss)
d:/eclipse/imt_sdk_win_64/winavr/bin/../lib/gcc/avr/4.3.3/avr5\libgcc.a(_ashldi3.o)
                              ./src/Lcd.o (__ashldi3)
d:/eclipse/imt_sdk_win_64/winavr/bin/../lib/gcc/avr/4.3.3/avr5\libgcc.a(_divdi3.o)
                              ./src/Lcd.o (__divdi3)
d:/eclipse/imt_sdk_win_64/winavr/bin/../lib/gcc/avr/4.3.3/avr5\libgcc.a(_moddi3.o)
                              ./src/Lcd.o (__moddi3)
d:/eclipse/imt_sdk_win_64/winavr/bin/../lib/gcc/avr/4.3.3/avr5\libgcc.a(_udivdi3.o)
                              ./src/Lcd.o (__udivdi3)
d:/eclipse/imt_sdk_win_64/winavr/bin/../lib/gcc/avr/4.3.3/avr5\libgcc.a(_umoddi3.o)
                              ./src/Lcd.o (__umoddi3)
d:/eclipse/imt_sdk_win_64/winavr/bin/../lib/gcc/avr/4.3.3/avr5\libgcc.a(_mulsi3.o)
                              d:/eclipse/imt_sdk_win_64/winavr/bin/../lib/gcc/avr/4.3.3/avr5\libgcc.a(_divdi3.o) (__mulsi3)
d:/eclipse/imt_sdk_win_64/winavr/bin/../lib/gcc/avr/4.3.3/avr5\libgcc.a(_udivmodsi4.o)
                              d:/eclipse/imt_sdk_win_64/winavr/bin/../lib/gcc/avr/4.3.3/avr5\libgcc.a(_divdi3.o) (__udivmodsi4)
d:/eclipse/imt_sdk_win_64/winavr/bin/../lib/gcc/avr/4.3.3/avr5\libgcc.a(_prologue.o)
                              d:/eclipse/imt_sdk_win_64/winavr/bin/../lib/gcc/avr/4.3.3/avr5\libgcc.a(_divdi3.o) (__prologue_saves__)
d:/eclipse/imt_sdk_win_64/winavr/bin/../lib/gcc/avr/4.3.3/avr5\libgcc.a(_epilogue.o)
                              d:/eclipse/imt_sdk_win_64/winavr/bin/../lib/gcc/avr/4.3.3/avr5\libgcc.a(_divdi3.o) (__epilogue_restores__)
d:/eclipse/imt_sdk_win_64/winavr/bin/../lib/gcc/avr/4.3.3/avr5\libgcc.a(_clz.o)
                              d:/eclipse/imt_sdk_win_64/winavr/bin/../lib/gcc/avr/4.3.3/avr5\libgcc.a(_divdi3.o) (__clz_tab)

Allocating common symbols
Common symbol       size              file

Usart_TransmitCallback
                    0x2               ./src/Usart.o
Usart_TransmitEmptyCallback
                    0x2               ./src/Usart.o
ExtInterrupt_Int2Callback
                    0x2               ./src/ExtInterrupt.o
ExtInterrupt_Int1Callback
                    0x2               ./src/ExtInterrupt.o
letter              0x1               ./src/main.o
ExtInterrupt_Int0Callback
                    0x2               ./src/ExtInterrupt.o
Usart_ReceiveCallback
                    0x2               ./src/Usart.o

Memory Configuration

Name             Origin             Length             Attributes
text             0x00000000         0x00020000         xr
data             0x00800060         0x0000ffa0         rw !x
eeprom           0x00810000         0x00010000         rw !x
fuse             0x00820000         0x00000400         rw !x
lock             0x00830000         0x00000400         rw !x
signature        0x00840000         0x00000400         rw !x
*default*        0x00000000         0xffffffff

Linker script and memory map

LOAD d:/eclipse/imt_sdk_win_64/winavr/bin/../lib/gcc/avr/4.3.3/../../../../avr/lib/avr5/crtm32.o
LOAD ./src/Dio.o
LOAD ./src/ExtInterrupt.o
LOAD ./src/Gie.o
LOAD ./src/Lcd.o
LOAD ./src/Touch.o
LOAD ./src/Usart.o
LOAD ./src/main.o
LOAD d:/eclipse/imt_sdk_win_64/winavr/bin/../lib/gcc/avr/4.3.3/avr5\libgcc.a
LOAD d:/eclipse/imt_sdk_win_64/winavr/bin/../lib/gcc/avr/4.3.3/../../../../avr/lib/avr5\libc.a
LOAD d:/eclipse/imt_sdk_win_64/winavr/bin/../lib/gcc/avr/4.3.3/avr5\libgcc.a

.hash
 *(.hash)

.dynsym
 *(.dynsym)

.dynstr
 *(.dynstr)

.gnu.version
 *(.gnu.version)

.gnu.version_d
 *(.gnu.version_d)

.gnu.version_r
 *(.gnu.version_r)

.rel.init
 *(.rel.init)

.rela.init
 *(.rela.init)

.rel.text
 *(.rel.text)
 *(.rel.text.*)
 *(.rel.gnu.linkonce.t*)

.rela.text
 *(.rela.text)
 *(.rela.text.*)
 *(.rela.gnu.linkonce.t*)

.rel.fini
 *(.rel.fini)

.rela.fini
 *(.rela.fini)

.rel.rodata
 *(.rel.rodata)
 *(.rel.rodata.*)
 *(.rel.gnu.linkonce.r*)

.rela.rodata
 *(.rela.rodata)
 *(.rela.rodata.*)
 *(.rela.gnu.linkonce.r*)

.rel.data
 *(.rel.data)
 *(.rel.data.*)
 *(.rel.gnu.linkonce.d*)

.rela.data
 *(.rela.data)
 *(.rela.data.*)
 *(.rela.gnu.linkonce.d*)

.rel.ctors
 *(.rel.ctors)

.rela.ctors
 *(.rela.ctors)

.rel.dtors
 *(.rel.dtors)

.rela.dtors
 *(.rela.dtors)

.rel.got
 *(.rel.got)

.rela.got
 *(.rela.got)

.rel.bss
 *(.rel.bss)

.rela.bss
 *(.rela.bss)

.rel.plt
 *(.rel.plt)

.rela.plt
 *(.rela.plt)

.text           0x00000000     0x5010
 *(.vectors)
 .vectors       0x00000000       0x54 d:/eclipse/imt_sdk_win_64/winavr/bin/../lib/gcc/avr/4.3.3/../../../../avr/lib/avr5/crtm32.o
                0x00000000                __vectors
                0x00000000                __vector_default
 *(.vectors)
 *(.progmem.gcc*)
 *(.progmem*)
                0x00000054                . = ALIGN (0x2)
                0x00000054                __trampolines_start = .
 *(.trampolines)
 .trampolines   0x00000054        0x0 linker stubs
 *(.trampolines*)
                0x00000054                __trampolines_end = .
 *(.jumptables)
 *(.jumptables*)
 *(.lowtext)
 *(.lowtext*)
                0x00000054                __ctors_start = .
 *(.ctors)
                0x00000054                __ctors_end = .
                0x00000054                __dtors_start = .
 *(.dtors)
                0x00000054                __dtors_end = .
 SORT(*)(.ctors)
 SORT(*)(.dtors)
 *(.init0)
 .init0         0x00000054        0x0 d:/eclipse/imt_sdk_win_64/winavr/bin/../lib/gcc/avr/4.3.3/../../../../avr/lib/avr5/crtm32.o
                0x00000054                __init
 *(.init0)
 *(.init1)
 *(.init1)
 *(.init2)
 .init2         0x00000054        0xc d:/eclipse/imt_sdk_win_64/winavr/bin/../lib/gcc/avr/4.3.3/../../../../avr/lib/avr5/crtm32.o
 *(.init2)
 *(.init3)
 *(.init3)
 *(.init4)
 .init4         0x00000060       0x16 d:/eclipse/imt_sdk_win_64/winavr/bin/../lib/gcc/avr/4.3.3/avr5\libgcc.a(_copy_data.o)
                0x00000060                __do_copy_data
 .init4         0x00000076       0x10 d:/eclipse/imt_sdk_win_64/winavr/bin/../lib/gcc/avr/4.3.3/avr5\libgcc.a(_clear_bss.o)
                0x00000076                __do_clear_bss
 *(.init4)
 *(.init5)
 *(.init5)
 *(.init6)
 *(.init6)
 *(.init7)
 *(.init7)
 *(.init8)
 *(.init8)
 *(.init9)
 .init9         0x00000086        0x8 d:/eclipse/imt_sdk_win_64/winavr/bin/../lib/gcc/avr/4.3.3/../../../../avr/lib/avr5/crtm32.o
 *(.init9)
 *(.text)
 .text          0x0000008e        0x4 d:/eclipse/imt_sdk_win_64/winavr/bin/../lib/gcc/avr/4.3.3/../../../../avr/lib/avr5/crtm32.o
                0x0000008e                __vector_12
                0x0000008e                __bad_interrupt
                0x0000008e                __vector_6
                0x0000008e                __vector_11
                0x0000008e                __vector_17
                0x0000008e                __vector_19
                0x0000008e                __vector_7
                0x0000008e                __vector_5
                0x0000008e                __vector_4
                0x0000008e                __vector_9
                0x0000008e                __vector_8
                0x0000008e                __vector_10
                0x0000008e                __vector_16
                0x0000008e                __vector_18
                0x0000008e                __vector_20
 .text          0x00000092        0x0 ./src/Dio.o
 .text          0x00000092        0x0 ./src/ExtInterrupt.o
 .text          0x00000092        0x0 ./src/Gie.o
 .text          0x00000092        0x0 ./src/Lcd.o
 .text          0x00000092        0x0 ./src/Touch.o
 .text          0x00000092        0x0 ./src/Usart.o
 .text          0x00000092        0x0 ./src/main.o
 .text          0x00000092        0x0 d:/eclipse/imt_sdk_win_64/winavr/bin/../lib/gcc/avr/4.3.3/avr5\libgcc.a(_exit.o)
 .text          0x00000092        0x0 d:/eclipse/imt_sdk_win_64/winavr/bin/../lib/gcc/avr/4.3.3/avr5\libgcc.a(_copy_data.o)
 .text          0x00000092        0x0 d:/eclipse/imt_sdk_win_64/winavr/bin/../lib/gcc/avr/4.3.3/avr5\libgcc.a(_clear_bss.o)
 .text          0x00000092       0xfe d:/eclipse/imt_sdk_win_64/winavr/bin/../lib/gcc/avr/4.3.3/avr5\libgcc.a(_ashldi3.o)
                0x00000092                __ashldi3
 .text          0x00000190     0x1050 d:/eclipse/imt_sdk_win_64/winavr/bin/../lib/gcc/avr/4.3.3/avr5\libgcc.a(_divdi3.o)
                0x00000190                __divdi3
 .text          0x000011e0     0x107a d:/eclipse/imt_sdk_win_64/winavr/bin/../lib/gcc/avr/4.3.3/avr5\libgcc.a(_moddi3.o)
                0x000011e0                __moddi3
 .text          0x0000225a      0xcea d:/eclipse/imt_sdk_win_64/winavr/bin/../lib/gcc/avr/4.3.3/avr5\libgcc.a(_udivdi3.o)
                0x0000225a                __udivdi3
 .text          0x00002f44      0xce0 d:/eclipse/imt_sdk_win_64/winavr/bin/../lib/gcc/avr/4.3.3/avr5\libgcc.a(_umoddi3.o)
                0x00002f44                __umoddi3
 .text          0x00003c24        0x0 d:/eclipse/imt_sdk_win_64/winavr/bin/../lib/gcc/avr/4.3.3/avr5\libgcc.a(_mulsi3.o)
 .text          0x00003c24        0x0 d:/eclipse/imt_sdk_win_64/winavr/bin/../lib/gcc/avr/4.3.3/avr5\libgcc.a(_udivmodsi4.o)
 .text          0x00003c24        0x0 d:/eclipse/imt_sdk_win_64/winavr/bin/../lib/gcc/avr/4.3.3/avr5\libgcc.a(_prologue.o)
 .text          0x00003c24        0x0 d:/eclipse/imt_sdk_win_64/winavr/bin/../lib/gcc/avr/4.3.3/avr5\libgcc.a(_epilogue.o)
 .text          0x00003c24        0x0 d:/eclipse/imt_sdk_win_64/winavr/bin/../lib/gcc/avr/4.3.3/avr5\libgcc.a(_clz.o)
                0x00003c24                . = ALIGN (0x2)
 *(.text.*)
 .text.Dio_SetPinMode
                0x00003c24      0x19c ./src/Dio.o
                0x00003c24                Dio_SetPinMode
 .text.Dio_SetPinLevel
                0x00003dc0       0xe6 ./src/Dio.o
                0x00003dc0                Dio_SetPinLevel
 .text.Dio_FlipPinLevel
                0x00003ea6       0x98 ./src/Dio.o
                0x00003ea6                Dio_FlipPinLevel
 .text.Dio_ReadPinLevel
                0x00003f3e       0x40 ./src/Dio.o
                0x00003f3e                Dio_ReadPinLevel
 .text.Dio_SetPortMode
                0x00003f7e       0x22 ./src/Dio.o
                0x00003f7e                Dio_SetPortMode
 .text.Dio_SetPortLevel
                0x00003fa0       0x22 ./src/Dio.o
                0x00003fa0                Dio_SetPortLevel
 .text.Dio_ReadPortLevel
                0x00003fc2       0x24 ./src/Dio.o
                0x00003fc2                Dio_ReadPortLevel
 .text.__vector_1
                0x00003fe6       0x4e ./src/ExtInterrupt.o
                0x00003fe6                __vector_1
 .text.__vector_2
                0x00004034       0x4e ./src/ExtInterrupt.o
                0x00004034                __vector_2
 .text.__vector_3
                0x00004082       0x4e ./src/ExtInterrupt.o
                0x00004082                __vector_3
 .text.ExtInterrupt_Init
                0x000040d0        0xe ./src/ExtInterrupt.o
                0x000040d0                ExtInterrupt_Init
 .text.ExtInterrupt_EnableNotification
                0x000040de       0x3c ./src/ExtInterrupt.o
                0x000040de                ExtInterrupt_EnableNotification
 .text.ExtInterrupt_DisableNotification
                0x0000411a       0x24 ./src/ExtInterrupt.o
                0x0000411a                ExtInterrupt_DisableNotification
 .text.ExtInterrupt_SetDetectEdge
                0x0000413e       0x2a ./src/ExtInterrupt.o
                0x0000413e                ExtInterrupt_SetDetectEdge
 .text.Gie_Enable
                0x00004168        0x8 ./src/Gie.o
                0x00004168                Gie_Enable
 .text.Gie_Disable
                0x00004170        0x8 ./src/Gie.o
                0x00004170                Gie_Disable
 .text.Lcd_SendCommand
                0x00004178       0xb2 ./src/Lcd.o
 .text.Lcd_DisplayControl
                0x0000422a       0x48 ./src/Lcd.o
                0x0000422a                Lcd_DisplayControl
 .text.Lcd_SetCursorPosition
                0x00004272       0x12 ./src/Lcd.o
                0x00004272                Lcd_SetCursorPosition
 .text.Lcd_DisplayControls
                0x00004284        0x6 ./src/Lcd.o
                0x00004284                Lcd_DisplayControls
 .text.Lcd_DisplayClear
                0x0000428a        0x8 ./src/Lcd.o
                0x0000428a                Lcd_DisplayClear
 .text.Lcd_SendData
                0x00004292       0xb2 ./src/Lcd.o
 .text.lcd_SaveSpecialChar
                0x00004344       0x3e ./src/Lcd.o
                0x00004344                lcd_SaveSpecialChar
 .text.Lcd_DisplayNumber
                0x00004382      0x392 ./src/Lcd.o
                0x00004382                Lcd_DisplayNumber
 .text.Lcd_DisplayString
                0x00004714       0x1a ./src/Lcd.o
                0x00004714                Lcd_DisplayString
 .text.Lcd_DisplayCharacter
                0x0000472e        0x6 ./src/Lcd.o
                0x0000472e                Lcd_DisplayCharacter
 .text.Lcd_Init
                0x00004734       0x88 ./src/Lcd.o
                0x00004734                Lcd_Init
 .text.touch_Read
                0x000047bc       0x42 ./src/Touch.o
 .text.touch_ReadAll
                0x000047fe       0x92 ./src/Touch.o
                0x000047fe                touch_ReadAll
 .text.Touch_sensor_Init
                0x00004890       0x34 ./src/Touch.o
                0x00004890                Touch_sensor_Init
 .text.__vector_13
                0x000048c4       0x50 ./src/Usart.o
                0x000048c4                __vector_13
 .text.__vector_15
                0x00004914       0x4e ./src/Usart.o
                0x00004914                __vector_15
 .text.__vector_14
                0x00004962       0x4e ./src/Usart.o
                0x00004962                __vector_14
 .text.Usart_Transmit
                0x000049b0        0xe ./src/Usart.o
                0x000049b0                Usart_Transmit
 .text.Usart_TransmitAsync
                0x000049be        0x8 ./src/Usart.o
                0x000049be                Usart_TransmitAsync
 .text.Usart_Receive
                0x000049c6        0x8 ./src/Usart.o
                0x000049c6                Usart_Receive
 .text.Usart_ReceiveAsync
                0x000049ce       0x12 ./src/Usart.o
                0x000049ce                Usart_ReceiveAsync
 .text.Usart_EnableNotification
                0x000049e0       0x1a ./src/Usart.o
                0x000049e0                Usart_EnableNotification
 .text.Usart_DisableNotification
                0x000049fa       0x1a ./src/Usart.o
                0x000049fa                Usart_DisableNotification
 .text.Usart_SetCallbackReceive
                0x00004a14        0xa ./src/Usart.o
                0x00004a14                Usart_SetCallbackReceive
 .text.Usart_SetCallbackTransmit
                0x00004a1e        0xa ./src/Usart.o
                0x00004a1e                Usart_SetCallbackTransmit
 .text.Usart_SetCallbackEmpty
                0x00004a28        0xa ./src/Usart.o
                0x00004a28                Usart_SetCallbackEmpty
 .text.Usart_SendString
                0x00004a32       0x1a ./src/Usart.o
                0x00004a32                Usart_SendString
 .text.Usart_SendNumber
                0x00004a4c      0x392 ./src/Usart.o
                0x00004a4c                Usart_SendNumber
 .text.Usart_Init
                0x00004dde       0x26 ./src/Usart.o
                0x00004dde                Usart_Init
 .text.interrupt_handeler
                0x00004e04        0xc ./src/main.o
                0x00004e04                interrupt_handeler
 .text.main     0x00004e10      0x10c ./src/main.o
                0x00004e10                main
 .text.libgcc   0x00004f1c        0x0 d:/eclipse/imt_sdk_win_64/winavr/bin/../lib/gcc/avr/4.3.3/avr5\libgcc.a(_exit.o)
 .text.libgcc   0x00004f1c        0x0 d:/eclipse/imt_sdk_win_64/winavr/bin/../lib/gcc/avr/4.3.3/avr5\libgcc.a(_copy_data.o)
 .text.libgcc   0x00004f1c        0x0 d:/eclipse/imt_sdk_win_64/winavr/bin/../lib/gcc/avr/4.3.3/avr5\libgcc.a(_clear_bss.o)
 .text.libgcc   0x00004f1c       0x3e d:/eclipse/imt_sdk_win_64/winavr/bin/../lib/gcc/avr/4.3.3/avr5\libgcc.a(_mulsi3.o)
                0x00004f1c                __mulsi3
 .text.libgcc   0x00004f5a       0x44 d:/eclipse/imt_sdk_win_64/winavr/bin/../lib/gcc/avr/4.3.3/avr5\libgcc.a(_udivmodsi4.o)
                0x00004f5a                __udivmodsi4
 .text.libgcc   0x00004f9e       0x38 d:/eclipse/imt_sdk_win_64/winavr/bin/../lib/gcc/avr/4.3.3/avr5\libgcc.a(_prologue.o)
                0x00004f9e                __prologue_saves__
 .text.libgcc   0x00004fd6       0x36 d:/eclipse/imt_sdk_win_64/winavr/bin/../lib/gcc/avr/4.3.3/avr5\libgcc.a(_epilogue.o)
                0x00004fd6                __epilogue_restores__
                0x0000500c                . = ALIGN (0x2)
 *(.fini9)
 .fini9         0x0000500c        0x0 d:/eclipse/imt_sdk_win_64/winavr/bin/../lib/gcc/avr/4.3.3/avr5\libgcc.a(_exit.o)
                0x0000500c                exit
                0x0000500c                _exit
 *(.fini9)
 *(.fini8)
 *(.fini8)
 *(.fini7)
 *(.fini7)
 *(.fini6)
 *(.fini6)
 *(.fini5)
 *(.fini5)
 *(.fini4)
 *(.fini4)
 *(.fini3)
 *(.fini3)
 *(.fini2)
 *(.fini2)
 *(.fini1)
 *(.fini1)
 *(.fini0)
 .fini0         0x0000500c        0x4 d:/eclipse/imt_sdk_win_64/winavr/bin/../lib/gcc/avr/4.3.3/avr5\libgcc.a(_exit.o)
 *(.fini0)
                0x00005010                _etext = .

.data           0x00800060      0x102 load address 0x00005010
                0x00800060                PROVIDE (__data_start, .)
 *(.data)
 .data          0x00800060        0x0 d:/eclipse/imt_sdk_win_64/winavr/bin/../lib/gcc/avr/4.3.3/../../../../avr/lib/avr5/crtm32.o
 .data          0x00800060        0x0 ./src/Dio.o
 .data          0x00800060        0x0 ./src/ExtInterrupt.o
 .data          0x00800060        0x0 ./src/Gie.o
 .data          0x00800060        0x0 ./src/Lcd.o
 .data          0x00800060        0x0 ./src/Touch.o
 .data          0x00800060        0x0 ./src/Usart.o
 .data          0x00800060        0x2 ./src/main.o
 .data          0x00800062        0x0 d:/eclipse/imt_sdk_win_64/winavr/bin/../lib/gcc/avr/4.3.3/avr5\libgcc.a(_exit.o)
 .data          0x00800062        0x0 d:/eclipse/imt_sdk_win_64/winavr/bin/../lib/gcc/avr/4.3.3/avr5\libgcc.a(_copy_data.o)
 .data          0x00800062        0x0 d:/eclipse/imt_sdk_win_64/winavr/bin/../lib/gcc/avr/4.3.3/avr5\libgcc.a(_clear_bss.o)
 .data          0x00800062        0x0 d:/eclipse/imt_sdk_win_64/winavr/bin/../lib/gcc/avr/4.3.3/avr5\libgcc.a(_ashldi3.o)
 .data          0x00800062        0x0 d:/eclipse/imt_sdk_win_64/winavr/bin/../lib/gcc/avr/4.3.3/avr5\libgcc.a(_divdi3.o)
 .data          0x00800062        0x0 d:/eclipse/imt_sdk_win_64/winavr/bin/../lib/gcc/avr/4.3.3/avr5\libgcc.a(_moddi3.o)
 .data          0x00800062        0x0 d:/eclipse/imt_sdk_win_64/winavr/bin/../lib/gcc/avr/4.3.3/avr5\libgcc.a(_udivdi3.o)
 .data          0x00800062        0x0 d:/eclipse/imt_sdk_win_64/winavr/bin/../lib/gcc/avr/4.3.3/avr5\libgcc.a(_umoddi3.o)
 .data          0x00800062        0x0 d:/eclipse/imt_sdk_win_64/winavr/bin/../lib/gcc/avr/4.3.3/avr5\libgcc.a(_mulsi3.o)
 .data          0x00800062        0x0 d:/eclipse/imt_sdk_win_64/winavr/bin/../lib/gcc/avr/4.3.3/avr5\libgcc.a(_udivmodsi4.o)
 .data          0x00800062        0x0 d:/eclipse/imt_sdk_win_64/winavr/bin/../lib/gcc/avr/4.3.3/avr5\libgcc.a(_prologue.o)
 .data          0x00800062        0x0 d:/eclipse/imt_sdk_win_64/winavr/bin/../lib/gcc/avr/4.3.3/avr5\libgcc.a(_epilogue.o)
 .data          0x00800062      0x100 d:/eclipse/imt_sdk_win_64/winavr/bin/../lib/gcc/avr/4.3.3/avr5\libgcc.a(_clz.o)
                0x00800062                __clz_tab
 *(.data*)
 *(.rodata)
 *(.rodata*)
 *(.gnu.linkonce.d*)
                0x00800162                . = ALIGN (0x2)
                0x00800162                _edata = .
                0x00800162                PROVIDE (__data_end, .)

.bss            0x00800162        0xf
                0x00800162                PROVIDE (__bss_start, .)
 *(.bss)
 .bss           0x00800162        0x0 d:/eclipse/imt_sdk_win_64/winavr/bin/../lib/gcc/avr/4.3.3/../../../../avr/lib/avr5/crtm32.o
 .bss           0x00800162        0x0 ./src/Dio.o
 .bss           0x00800162        0x0 ./src/ExtInterrupt.o
 .bss           0x00800162        0x0 ./src/Gie.o
 .bss           0x00800162        0x0 ./src/Lcd.o
 .bss           0x00800162        0x0 ./src/Touch.o
 .bss           0x00800162        0x0 ./src/Usart.o
 .bss           0x00800162        0x0 ./src/main.o
 .bss           0x00800162        0x0 d:/eclipse/imt_sdk_win_64/winavr/bin/../lib/gcc/avr/4.3.3/avr5\libgcc.a(_exit.o)
 .bss           0x00800162        0x0 d:/eclipse/imt_sdk_win_64/winavr/bin/../lib/gcc/avr/4.3.3/avr5\libgcc.a(_copy_data.o)
 .bss           0x00800162        0x0 d:/eclipse/imt_sdk_win_64/winavr/bin/../lib/gcc/avr/4.3.3/avr5\libgcc.a(_clear_bss.o)
 .bss           0x00800162        0x0 d:/eclipse/imt_sdk_win_64/winavr/bin/../lib/gcc/avr/4.3.3/avr5\libgcc.a(_ashldi3.o)
 .bss           0x00800162        0x0 d:/eclipse/imt_sdk_win_64/winavr/bin/../lib/gcc/avr/4.3.3/avr5\libgcc.a(_divdi3.o)
 .bss           0x00800162        0x0 d:/eclipse/imt_sdk_win_64/winavr/bin/../lib/gcc/avr/4.3.3/avr5\libgcc.a(_moddi3.o)
 .bss           0x00800162        0x0 d:/eclipse/imt_sdk_win_64/winavr/bin/../lib/gcc/avr/4.3.3/avr5\libgcc.a(_udivdi3.o)
 .bss           0x00800162        0x0 d:/eclipse/imt_sdk_win_64/winavr/bin/../lib/gcc/avr/4.3.3/avr5\libgcc.a(_umoddi3.o)
 .bss           0x00800162        0x0 d:/eclipse/imt_sdk_win_64/winavr/bin/../lib/gcc/avr/4.3.3/avr5\libgcc.a(_mulsi3.o)
 .bss           0x00800162        0x0 d:/eclipse/imt_sdk_win_64/winavr/bin/../lib/gcc/avr/4.3.3/avr5\libgcc.a(_udivmodsi4.o)
 .bss           0x00800162        0x0 d:/eclipse/imt_sdk_win_64/winavr/bin/../lib/gcc/avr/4.3.3/avr5\libgcc.a(_prologue.o)
 .bss           0x00800162        0x0 d:/eclipse/imt_sdk_win_64/winavr/bin/../lib/gcc/avr/4.3.3/avr5\libgcc.a(_epilogue.o)
 .bss           0x00800162        0x0 d:/eclipse/imt_sdk_win_64/winavr/bin/../lib/gcc/avr/4.3.3/avr5\libgcc.a(_clz.o)
 *(.bss*)
 .bss.flag      0x00800162        0x1 ./src/main.o
                0x00800162                flag
 .bss.send_flag
                0x00800163        0x1 ./src/main.o
                0x00800163                send_flag
 *(COMMON)
 COMMON         0x00800164        0x6 ./src/ExtInterrupt.o
                0x00800164                ExtInterrupt_Int2Callback
                0x00800166                ExtInterrupt_Int1Callback
                0x00800168                ExtInterrupt_Int0Callback
 COMMON         0x0080016a        0x6 ./src/Usart.o
                0x0080016a                Usart_TransmitCallback
                0x0080016c                Usart_TransmitEmptyCallback
                0x0080016e                Usart_ReceiveCallback
 COMMON         0x00800170        0x1 ./src/main.o
                0x00800170                letter
                0x00800171                PROVIDE (__bss_end, .)
                0x00005010                __data_load_start = LOADADDR (.data)
                0x00005112                __data_load_end = (__data_load_start + SIZEOF (.data))

.noinit         0x00800171        0x0
                0x00800171                PROVIDE (__noinit_start, .)
 *(.noinit*)
                0x00800171                PROVIDE (__noinit_end, .)
                0x00800171                _end = .
                0x00800171                PROVIDE (__heap_start, .)

.eeprom         0x00810000        0x0
 *(.eeprom*)
                0x00810000                __eeprom_end = .

.fuse
 *(.fuse)
 *(.lfuse)
 *(.hfuse)
 *(.efuse)

.lock
 *(.lock*)

.signature
 *(.signature*)

.stab
 *(.stab)

.stabstr
 *(.stabstr)

.stab.excl
 *(.stab.excl)

.stab.exclstr
 *(.stab.exclstr)

.stab.index
 *(.stab.index)

.stab.indexstr
 *(.stab.indexstr)

.comment
 *(.comment)

.debug
 *(.debug)

.line
 *(.line)

.debug_srcinfo
 *(.debug_srcinfo)

.debug_sfnames
 *(.debug_sfnames)

.debug_aranges  0x00000000       0xa0
 *(.debug_aranges)
 .debug_aranges
                0x00000000       0x20 d:/eclipse/imt_sdk_win_64/winavr/bin/../lib/gcc/avr/4.3.3/avr5\libgcc.a(_ashldi3.o)
 .debug_aranges
                0x00000020       0x20 d:/eclipse/imt_sdk_win_64/winavr/bin/../lib/gcc/avr/4.3.3/avr5\libgcc.a(_divdi3.o)
 .debug_aranges
                0x00000040       0x20 d:/eclipse/imt_sdk_win_64/winavr/bin/../lib/gcc/avr/4.3.3/avr5\libgcc.a(_moddi3.o)
 .debug_aranges
                0x00000060       0x20 d:/eclipse/imt_sdk_win_64/winavr/bin/../lib/gcc/avr/4.3.3/avr5\libgcc.a(_udivdi3.o)
 .debug_aranges
                0x00000080       0x20 d:/eclipse/imt_sdk_win_64/winavr/bin/../lib/gcc/avr/4.3.3/avr5\libgcc.a(_umoddi3.o)

.debug_pubnames
                0x00000000       0xbe
 *(.debug_pubnames)
 .debug_pubnames
                0x00000000       0x20 d:/eclipse/imt_sdk_win_64/winavr/bin/../lib/gcc/avr/4.3.3/avr5\libgcc.a(_ashldi3.o)
 .debug_pubnames
                0x00000020       0x1f d:/eclipse/imt_sdk_win_64/winavr/bin/../lib/gcc/avr/4.3.3/avr5\libgcc.a(_divdi3.o)
 .debug_pubnames
                0x0000003f       0x1f d:/eclipse/imt_sdk_win_64/winavr/bin/../lib/gcc/avr/4.3.3/avr5\libgcc.a(_moddi3.o)
 .debug_pubnames
                0x0000005e       0x20 d:/eclipse/imt_sdk_win_64/winavr/bin/../lib/gcc/avr/4.3.3/avr5\libgcc.a(_udivdi3.o)
 .debug_pubnames
                0x0000007e       0x20 d:/eclipse/imt_sdk_win_64/winavr/bin/../lib/gcc/avr/4.3.3/avr5\libgcc.a(_umoddi3.o)
 .debug_pubnames
                0x0000009e       0x20 d:/eclipse/imt_sdk_win_64/winavr/bin/../lib/gcc/avr/4.3.3/avr5\libgcc.a(_clz.o)

.debug_info     0x00000000     0x1f74
 *(.debug_info)
 .debug_info    0x00000000      0x17f d:/eclipse/imt_sdk_win_64/winavr/bin/../lib/gcc/avr/4.3.3/avr5\libgcc.a(_ashldi3.o)
 .debug_info    0x0000017f      0x756 d:/eclipse/imt_sdk_win_64/winavr/bin/../lib/gcc/avr/4.3.3/avr5\libgcc.a(_divdi3.o)
 .debug_info    0x000008d5      0x781 d:/eclipse/imt_sdk_win_64/winavr/bin/../lib/gcc/avr/4.3.3/avr5\libgcc.a(_moddi3.o)
 .debug_info    0x00001056      0x71e d:/eclipse/imt_sdk_win_64/winavr/bin/../lib/gcc/avr/4.3.3/avr5\libgcc.a(_udivdi3.o)
 .debug_info    0x00001774      0x757 d:/eclipse/imt_sdk_win_64/winavr/bin/../lib/gcc/avr/4.3.3/avr5\libgcc.a(_umoddi3.o)
 .debug_info    0x00001ecb       0xa9 d:/eclipse/imt_sdk_win_64/winavr/bin/../lib/gcc/avr/4.3.3/avr5\libgcc.a(_clz.o)
 *(.gnu.linkonce.wi.*)

.debug_abbrev   0x00000000      0x7a7
 *(.debug_abbrev)
 .debug_abbrev  0x00000000       0xee d:/eclipse/imt_sdk_win_64/winavr/bin/../lib/gcc/avr/4.3.3/avr5\libgcc.a(_ashldi3.o)
 .debug_abbrev  0x000000ee      0x19f d:/eclipse/imt_sdk_win_64/winavr/bin/../lib/gcc/avr/4.3.3/avr5\libgcc.a(_divdi3.o)
 .debug_abbrev  0x0000028d      0x19f d:/eclipse/imt_sdk_win_64/winavr/bin/../lib/gcc/avr/4.3.3/avr5\libgcc.a(_moddi3.o)
 .debug_abbrev  0x0000042c      0x181 d:/eclipse/imt_sdk_win_64/winavr/bin/../lib/gcc/avr/4.3.3/avr5\libgcc.a(_udivdi3.o)
 .debug_abbrev  0x000005ad      0x190 d:/eclipse/imt_sdk_win_64/winavr/bin/../lib/gcc/avr/4.3.3/avr5\libgcc.a(_umoddi3.o)
 .debug_abbrev  0x0000073d       0x6a d:/eclipse/imt_sdk_win_64/winavr/bin/../lib/gcc/avr/4.3.3/avr5\libgcc.a(_clz.o)

.debug_line     0x00000000      0xa03
 *(.debug_line)
 .debug_line    0x00000000       0xd7 d:/eclipse/imt_sdk_win_64/winavr/bin/../lib/gcc/avr/4.3.3/avr5\libgcc.a(_ashldi3.o)
 .debug_line    0x000000d7      0x228 d:/eclipse/imt_sdk_win_64/winavr/bin/../lib/gcc/avr/4.3.3/avr5\libgcc.a(_divdi3.o)
 .debug_line    0x000002ff      0x280 d:/eclipse/imt_sdk_win_64/winavr/bin/../lib/gcc/avr/4.3.3/avr5\libgcc.a(_moddi3.o)
 .debug_line    0x0000057f      0x1d8 d:/eclipse/imt_sdk_win_64/winavr/bin/../lib/gcc/avr/4.3.3/avr5\libgcc.a(_udivdi3.o)
 .debug_line    0x00000757      0x230 d:/eclipse/imt_sdk_win_64/winavr/bin/../lib/gcc/avr/4.3.3/avr5\libgcc.a(_umoddi3.o)
 .debug_line    0x00000987       0x7c d:/eclipse/imt_sdk_win_64/winavr/bin/../lib/gcc/avr/4.3.3/avr5\libgcc.a(_clz.o)

.debug_frame    0x00000000       0xa0
 *(.debug_frame)
 .debug_frame   0x00000000       0x20 d:/eclipse/imt_sdk_win_64/winavr/bin/../lib/gcc/avr/4.3.3/avr5\libgcc.a(_ashldi3.o)
 .debug_frame   0x00000020       0x20 d:/eclipse/imt_sdk_win_64/winavr/bin/../lib/gcc/avr/4.3.3/avr5\libgcc.a(_divdi3.o)
 .debug_frame   0x00000040       0x20 d:/eclipse/imt_sdk_win_64/winavr/bin/../lib/gcc/avr/4.3.3/avr5\libgcc.a(_moddi3.o)
 .debug_frame   0x00000060       0x20 d:/eclipse/imt_sdk_win_64/winavr/bin/../lib/gcc/avr/4.3.3/avr5\libgcc.a(_udivdi3.o)
 .debug_frame   0x00000080       0x20 d:/eclipse/imt_sdk_win_64/winavr/bin/../lib/gcc/avr/4.3.3/avr5\libgcc.a(_umoddi3.o)

.debug_str      0x00000000      0x17c
 *(.debug_str)
 .debug_str     0x00000000       0xe4 d:/eclipse/imt_sdk_win_64/winavr/bin/../lib/gcc/avr/4.3.3/avr5\libgcc.a(_ashldi3.o)
                                0x131 (size before relaxing)
 .debug_str     0x000000e4       0x7b d:/eclipse/imt_sdk_win_64/winavr/bin/../lib/gcc/avr/4.3.3/avr5\libgcc.a(_divdi3.o)
                                0x189 (size before relaxing)
 .debug_str     0x0000015f        0x9 d:/eclipse/imt_sdk_win_64/winavr/bin/../lib/gcc/avr/4.3.3/avr5\libgcc.a(_moddi3.o)
                                0x189 (size before relaxing)
 .debug_str     0x00000168        0xa d:/eclipse/imt_sdk_win_64/winavr/bin/../lib/gcc/avr/4.3.3/avr5\libgcc.a(_udivdi3.o)
                                0x18a (size before relaxing)
 .debug_str     0x00000172        0xa d:/eclipse/imt_sdk_win_64/winavr/bin/../lib/gcc/avr/4.3.3/avr5\libgcc.a(_umoddi3.o)
                                0x18a (size before relaxing)
 .debug_str     0x00000000       0xf4 d:/eclipse/imt_sdk_win_64/winavr/bin/../lib/gcc/avr/4.3.3/avr5\libgcc.a(_clz.o)

.debug_loc      0x00000000     0x3410
 *(.debug_loc)
 .debug_loc     0x00000000       0xf8 d:/eclipse/imt_sdk_win_64/winavr/bin/../lib/gcc/avr/4.3.3/avr5\libgcc.a(_ashldi3.o)
 .debug_loc     0x000000f8      0xe71 d:/eclipse/imt_sdk_win_64/winavr/bin/../lib/gcc/avr/4.3.3/avr5\libgcc.a(_divdi3.o)
 .debug_loc     0x00000f69      0xb81 d:/eclipse/imt_sdk_win_64/winavr/bin/../lib/gcc/avr/4.3.3/avr5\libgcc.a(_moddi3.o)
 .debug_loc     0x00001aea      0xe74 d:/eclipse/imt_sdk_win_64/winavr/bin/../lib/gcc/avr/4.3.3/avr5\libgcc.a(_udivdi3.o)
 .debug_loc     0x0000295e      0xab2 d:/eclipse/imt_sdk_win_64/winavr/bin/../lib/gcc/avr/4.3.3/avr5\libgcc.a(_umoddi3.o)

.debug_macinfo
 *(.debug_macinfo)
OUTPUT(final_project.elf elf32-avr)
LOAD linker stubs

.debug_ranges   0x00000000       0x60
 .debug_ranges  0x00000000       0x18 d:/eclipse/imt_sdk_win_64/winavr/bin/../lib/gcc/avr/4.3.3/avr5\libgcc.a(_divdi3.o)
 .debug_ranges  0x00000018       0x18 d:/eclipse/imt_sdk_win_64/winavr/bin/../lib/gcc/avr/4.3.3/avr5\libgcc.a(_moddi3.o)
 .debug_ranges  0x00000030       0x18 d:/eclipse/imt_sdk_win_64/winavr/bin/../lib/gcc/avr/4.3.3/avr5\libgcc.a(_udivdi3.o)
 .debug_ranges  0x00000048       0x18 d:/eclipse/imt_sdk_win_64/winavr/bin/../lib/gcc/avr/4.3.3/avr5\libgcc.a(_umoddi3.o)
